// Jest Snapshot v1, https://goo.gl/fbAQLP

exports[`containers/StatsParamsPanel renders in initial state 1`] = `
<MemoryRouter
  initialEntries={
    Array [
      "/",
    ]
  }
  keyLength={0}
>
  <Connect(StatsParamsPanel)
    onParamsSelected={[Function]}
    onReset={[Function]}
  />
</MemoryRouter>
`;

exports[`containers/StatsParamsPanel renders when TYPE is selected 1`] = `
<MemoryRouter
  initialEntries={
    Array [
      "/",
    ]
  }
  keyLength={0}
>
  <Connect(StatsParamsPanel)
    onParamsSelected={[Function]}
    onReset={[Function]}
  />
</MemoryRouter>
`;

exports[`containers/StatsParamsPanel renders when loading TYPE 1`] = `
<MemoryRouter
  initialEntries={
    Array [
      "/",
    ]
  }
  keyLength={0}
>
  <Connect(StatsParamsPanel)
    onParamsSelected={[Function]}
    onReset={[Function]}
  />
</MemoryRouter>
`;
